// Jest Snapshot v1, https://goo.gl/fbAQLP

exports[`kosko generate --prod 1`] = `
"---
metadata:
  annotations:
    app.gitlab.com/app: socialgouv-standup
    app.gitlab.com/env: prod2
    app.gitlab.com/env.name: prod2
  labels:
    app: app
    application: standup
    owner: standup
    team: standup
  name: app
  namespace: standup
spec:
  replicas: 1
  selector:
    matchLabels:
      app: app
  template:
    metadata:
      annotations:
        app.gitlab.com/app: socialgouv-standup
        app.gitlab.com/env: prod2
        app.gitlab.com/env.name: prod2
      labels:
        app: app
        application: standup
        owner: standup
        team: standup
    spec:
      containers:
        - image: 'registry.gitlab.factory.social.gouv.fr/socialgouv/standup/app:1.2.3'
          livenessProbe:
            failureThreshold: 6
            httpGet:
              path: /healthz
              port: http
            initialDelaySeconds: 30
            periodSeconds: 5
            timeoutSeconds: 5
          name: app
          ports:
            - containerPort: 3000
              name: http
          readinessProbe:
            failureThreshold: 15
            httpGet:
              path: /healthz
              port: http
            initialDelaySeconds: 0
            periodSeconds: 5
            successThreshold: 1
            timeoutSeconds: 1
          resources:
            limits:
              cpu: 200m
              memory: 256Mi
            requests:
              cpu: 50m
              memory: 128Mi
          startupProbe:
            failureThreshold: 12
            httpGet:
              path: /healthz
              port: http
            periodSeconds: 5
          envFrom:
            - secretRef:
                name: app-sealed-secret
            - configMapRef:
                name: app-configmap
apiVersion: apps/v1
kind: Deployment
---
apiVersion: bitnami.com/v1alpha1
kind: SealedSecret
metadata:
  annotations:
    app.gitlab.com/app: socialgouv-standup
    app.gitlab.com/env: prod2
    app.gitlab.com/env.name: prod2
  name: app-sealed-secret
  namespace: standup
  labels:
    application: standup
    owner: standup
    team: standup
spec:
  encryptedData:
    SENTRY_DSN: >-
      AgB8a8KIZiN9gPmQcbECn/ciQQadI2Ofv9mWJnFDiVr2guuZhWbYp4ntAvLXGVD4ZIuPj8LqciWJZc+oELCMePTqcxfK3LFUFZq34Ff7IbAMtlWMhXPSurHRpjvQyJz+itSihkrrpp+rBE6YBx9HFp4hIHy+yfDNLD0DfWHMvNas0k+mBEdTIbXAsXSfWx1V1yJwBqNNhomkE+ttF0nPpXnSyV3JigB5zmatdSWgcO8cLr7sofNnFC6eMLdTtEVUbv4U9J63SLDbsr/IK/PPCWw/5tE0qcIFwXrVN5fPd180tvA2hJBKLXC6A15Iqw5vZy/6DtfUmzx5Zj1MNErWubQEw18Z6neep0nWWYqXrBYkbFnYzZRqwAwU0ne6b7DNlb6Cx+l+wZKIJIkh7QMTJoE1g/1byBVyLWKEsC75meKljukN6N1OABUWUtVbqFEpt2E04xSawUDT728uLI9A+j/X3w7avu15A5rpYuJQg8vlSomlq6Z/73yHyW2eA3qN10kJ0XFhx3vsZxm+1GRrd5eWdLYLhzr0nRjr1a8qVWVG01Bf23HH75zsIHyIr4cbyNb2gjXKObAv+pQI5Pd5ToTjgPwi3zg4IU5SnkPSUxxhIalTEoYu8OgAYAA/z1YRtIWEUcJcHDYIklLSUyixt4v4f2CHR7Sp3EWGDPpBPeI81VfeRVknDimterhSPJD7VdLJSds593K9LBT0xUPEgjpw6VCHLpOQ9EHroaKhS1cwSVvAjbiopumnIA/5Ud5mkWZMn3IBXWM6ueK7HdTp2tuuJvT8EbKYOwfrrw==
  template:
    metadata:
      annotations:
        app.gitlab.com/app: socialgouv-standup
        app.gitlab.com/env: prod2
        app.gitlab.com/env.name: prod2
      name: app-sealed-secret
      labels:
        application: standup
        owner: standup
        team: standup
    type: Opaque
---
metadata:
  name: app-configmap
  annotations:
    app.gitlab.com/app: socialgouv-standup
    app.gitlab.com/env: prod2
    app.gitlab.com/env.name: prod2
  labels:
    application: standup
    owner: standup
    team: standup
  namespace: standup
data:
  NODE_ENV: production
  PORT: '3000'
  POSTGRES_SSL: 'true'
  GITHUB_ORGANIZATION: SocialGouv
  HASURA_URL: 'https://hasura.carnets.fabrique.social.gouv.fr/v1/graphql'
  MATOMO_SITE_ID: '30'
  MATOMO_URL: 'https://matomo.fabrique.social.gouv.fr/'
apiVersion: v1
kind: ConfigMap
---
metadata:
  labels:
    app: app
    application: standup
    owner: standup
    team: standup
  name: app
  annotations:
    app.gitlab.com/app: socialgouv-standup
    app.gitlab.com/env: prod2
    app.gitlab.com/env.name: prod2
  namespace: standup
spec:
  ports:
    - name: http
      port: 80
      targetPort: 3000
  selector:
    app: app
  type: ClusterIP
apiVersion: v1
kind: Service
---
metadata:
  annotations:
    kubernetes.io/ingress.class: nginx
    certmanager.k8s.io/cluster-issuer: letsencrypt-prod
    kubernetes.io/tls-acme: 'true'
    app.gitlab.com/app: socialgouv-standup
    app.gitlab.com/env: prod2
    app.gitlab.com/env.name: prod2
  labels:
    app: app
    application: standup
    owner: standup
    team: standup
  name: app
  namespace: standup
spec:
  rules:
    - host: standup.fabrique.social.gouv.fr
      http:
        paths:
          - backend:
              serviceName: app
              servicePort: 80
            path: /
  tls:
    - hosts:
        - standup.fabrique.social.gouv.fr
      secretName: app-crt
apiVersion: extensions/v1beta1
kind: Ingress
"
`;
